<--$IE-->.TEXT_FIELD(:NAME, "PANFRAGE OHNE $GV UND MIT #{<--$GV-->}").SET ARTIKEL
ODER
TEXT = <--$BLA-->.TEST(...) 