Input: 4983B, Output: 22625B
Take a look with your browser.
