<span class="CodeRay">puts <span style="background-color:#fff0f0;color:#D20"><span style="color:#710">'</span><span style="">Hello, world!</span><span style="color:#710">'</span></span></span>
